// Jest Snapshot v1, https://goo.gl/fbAQLP

exports[`Expect to view specific details information Should view specific accommodation 1`] = `ShallowWrapper {}`;
