// Jest Snapshot v1, https://goo.gl/fbAQLP

exports[`Expect to view specific Should view specific booking 1`] = `ShallowWrapper {}`;
