// Jest Snapshot v1, https://goo.gl/fbAQLP

exports[`Expect booking view to pass Should render successfuflly 1`] = `ShallowWrapper {}`;
