// Jest Snapshot v1, https://goo.gl/fbAQLP

exports[`Approval Table Test Suite  Test snapshot using the initial state 1`] = `ReactWrapper {}`;
