// Jest Snapshot v1, https://goo.gl/fbAQLP

exports[`Test Not Found page should render 1`] = `ShallowWrapper {}`;
