// Jest Snapshot v1, https://goo.gl/fbAQLP

exports[`Test common Requests Test Common Requests functionality 1`] = `ReactWrapper {}`;
