// Jest Snapshot v1, https://goo.gl/fbAQLP

exports[`Common Single Request page  Test snapshot using the initial state 1`] = `ShallowWrapper {}`;

exports[`Common Single Request page  Test snapshot using the initial state 2`] = `ShallowWrapper {}`;
