// Jest Snapshot v1, https://goo.gl/fbAQLP

exports[`Manager View Test Suite  Test snapshot using the initial state 1`] = `ReactWrapper {}`;
