// Jest Snapshot v1, https://goo.gl/fbAQLP

exports[`On Oneway page Test snapshot using the initial state 1`] = `ShallowWrapper {}`;

exports[`On Oneway page Test spinner action 1`] = `ShallowWrapper {}`;

exports[`On Oneway page renders without crashing 1`] = `ReactWrapper {}`;
