// Jest Snapshot v1, https://goo.gl/fbAQLP

exports[`Expect to render should render successfully 1`] = `ShallowWrapper {}`;
