// Jest Snapshot v1, https://goo.gl/fbAQLP

exports[`First React component test with Enzyme should renders Date Input component 1`] = `ShallowWrapper {}`;
