// Jest Snapshot v1, https://goo.gl/fbAQLP

exports[`Trip Header Component test with Enzyme renders without crashing 1`] = `ShallowWrapper {}`;

exports[`Trip Header Component test with Enzyme renders without crashing 2`] = `ShallowWrapper {}`;
