// Jest Snapshot v1, https://goo.gl/fbAQLP

exports[`Profile Test Suite Should return initial data 1`] = `ShallowWrapper {}`;
